HELLO TESTER
